
> flower_next@0.1.0 build
> next build

Ôû▓ Next.js 16.1.3 (Turbopack)

node.exe : ÔÜá The 
"middleware" file 
convention is 
deprecated. Please 
use "proxy" instead. 
Learn more: https://n
extjs.org/docs/messag
es/middleware-to-prox
y
At C:\Program Files\n
odejs\npm.ps1:29 
char:3
+   & $NODE_EXE 
$NPM_CLI_JS $args
+   ~~~~~~~~~~~~~~~~~
~~~~~~~~~~~~
    + CategoryInfo   
           : NotSpe  
  cified: (ÔÜá The   
  "middle...lewar    
e-to-proxy:Strin    
g) [], RemoteExc    
eption
    + FullyQualified 
   ErrorId : Native  
  CommandError
 
  Creating an optimized production build ...
Ô£ô Compiled successfully in 7.9s
  Running TypeScript ...
  Collecting page data using 7 workers ...
  Generating static pages using 7 workers (0/7) ...
  Generating static pages using 7 workers (1/7) 
  Generating static pages using 7 workers (3/7) 
  Generating static pages using 7 workers (5/7) 
Ô£ô Generating static pages using 7 workers (7/7) in 2.4s
  Finalizing page optimization ...

Route (app)
Ôöî Ôùï /_not-found
Ôö£ ÔùÅ /[locale]
Ôöé Ôö£ /fr
Ôöé Ôöö /ar
Ôöö ÔùÅ /[locale]/admin
  Ôö£ /fr/admin
  Ôöö /ar/admin


ãÆ Proxy (Middleware)

Ôùï  (Static)  prerendered as static content
ÔùÅ  (SSG)     prerendered as static HTML (uses generateStaticParams)

